    ___   __                  _         ____           __   ______                   
   /   | / /_____  ____ ___  (_)____   / __ \___  ____/ /  /_  __/__  ____ _____ ___
  / /| |/ __/ __ \/ __ `__ \/ / ___/  / /_/ / _ \/ __  /    / / / _ \/ __ `/ __ `__ \
 / ___ / /_/ /_/ / / / / / / / /__   / _, _/  __/ /_/ /    / / /  __/ /_/ / / / / / /
/_/  |_\__/\____/_/ /_/ /_/_/\___/  /_/ |_|\___/\__,_/    /_/  \___/\__,_/_/ /_/ /_/

Technique: T1055 - Process Injection
Tests:
  0. Shellcode execution via VBA
  1. Remote Process Injection in LSASS via mimikatz
  2. Section View Injection
  3. Dirty Vanity process Injection
  4. Read-Write-Execute process Injection
  5. Process Injection with Go using UuidFromStringA WinAPI
  6. Process Injection with Go using EtwpCreateEtwThread WinAPI
  7. Remote Process Injection with Go using RtlCreateUserThread WinAPI
  8. Remote Process Injection with Go using CreateRemoteThread WinAPI
  9. Remote Process Injection with Go using CreateRemoteThread WinAPI (Natively)
  10. Process Injection with Go using CreateThread WinAPI
  11. Process Injection with Go using CreateThread WinAPI (Natively)
  12. UUID custom process Injection



