    ___   __                  _         ____           __   ______                   
   /   | / /_____  ____ ___  (_)____   / __ \___  ____/ /  /_  __/__  ____ _____ ___
  / /| |/ __/ __ \/ __ `__ \/ / ___/  / /_/ / _ \/ __  /    / / / _ \/ __ `/ __ `__ \
 / ___ / /_/ /_/ / / / / / / / /__   / _, _/  __/ /_/ /    / / /  __/ /_/ / / / / / /
/_/  |_\__/\____/_/ /_/ /_/_/\___/  /_/ |_|\___/\__,_/    /_/  \___/\__,_/_/ /_/ /_/

Technique: T1105 - Ingress Tool Transfer
Tests:
  0. rsync remote file copy (push)
  1. rsync remote file copy (pull)
  2. scp remote file copy (push)
  3. scp remote file copy (pull)
  4. sftp remote file copy (push)
  5. sftp remote file copy (pull)
  6. certutil download (urlcache)
  7. certutil download (verifyctl)
  8. Windows - BITSAdmin BITS Download
  9. Windows - PowerShell Download
  10. OSTAP Worming Activity
  11. svchost writing a file to a UNC path
  12. Download a File with Windows Defender MpCmdRun.exe
  13. whois file download
  14. File Download via PowerShell
  15. File download with finger.exe on Windows
  16. Download a file with IMEWDBLD.exe
  17. Curl Download File
  18. Curl Upload File
  19. Download a file with Microsoft Connection Manager Auto-Download
  20. MAZE Propagation Script
  21. Printer Migration Command-Line Tool UNC share folder into a zip file
  22. Lolbas replace.exe use to copy file
  23. Lolbas replace.exe use to copy UNC file
  24. certreq download
  25. Download a file using wscript
  26. Linux Download File and Run
  27. Nimgrab - Transfer Files
  28. iwr or Invoke Web-Request download
  29. Arbitrary file download using the Notepad++ GUP.exe binary
  30. File download via nscurl
  31. File Download with Sqlcmd.exe
  32. Remote File Copy using PSCP
  33. Windows push file using scp.exe
  34. Windows pull file using scp.exe
  35. Windows push file using sftp.exe
  36. Windows pull file using sftp.exe
  37. Download a file with OneDrive Standalone Updater
  38. Curl Insecure Connection from a Pod



